// Jest Snapshot v1, https://goo.gl/fbAQLP

exports[`AvatarUploader renders correctly 1`] = `
<div
  className="avatar-uploader-container bordered"
>
  <div
    className="dropzone-container"
    onBlur={[Function]}
    onClick={[Function]}
    onDragEnter={[Function]}
    onDragLeave={[Function]}
    onDragOver={[Function]}
    onDrop={[Function]}
    onFocus={[Function]}
    onKeyDown={[Function]}
    role="presentation"
    tabIndex={0}
  >
    <input
      accept="image/jpeg,.jpeg,.png"
      multiple={true}
      onChange={[Function]}
      onClick={[Function]}
      style={
        Object {
          "display": "none",
        }
      }
      tabIndex={-1}
      type="file"
    />
    <div
      className="dropzone-text-container"
    >
      <span
        className="initial-text primary"
      >
        <svg>
          image-file.svg
        </svg>
         
        Organization Logo
      </span>
      <br />
      <span
        className="initial-text secondary"
      >
        Drop the image here or click to browse.
      </span>
    </div>
  </div>
</div>
`;
