// Jest Snapshot v1, https://goo.gl/fbAQLP

exports[`Slider match snapshot 1`] = `
<input
  className="slider"
  data-testid="slider"
  max={100}
  min={0}
  onChange={[Function]}
  style={
    Object {
      "backgroundSize": "50% 100%",
    }
  }
  type="range"
  value={50}
/>
`;
